Óšï¿½j%ï¿½(35) boot: chip reviï¿½ets Jul 29 2019 12:21:46

rst:0x1 (POWERON_RESET),boot:0x13 (SPI_FAST_FLASH_BOOT)
configsip: 0, SPIWP:0xee
clk_drv:0x00,q_drv:0x00,d_drv:0x00,cs0_drv:0x00,hd_drv:0x00,wp_drv:0x00
mode:DIO, clock div:2
load:0x3fff0030,len:7172
load:0x40078000,len:15540
load:0x40080400,len:4
ho 8 tail 4 room 4
load:0x40080404,len:3904
entry 0x40080640
[0;32mI (31) boot: ESP-IDF v5.2.1 2nd stage bootloader[0m
[0;32mI (31) boot: compile time Mar 25 2024 22:54:41[0m
[0;32mI (31) boot: Multicore bootloader[0m
[0;32mI (35) boot: chip revision: v3.0[0m
[0;32mI (39) boot.esp32: SPI Speed      : 40MHz[0m
[0;32mI (44) boot.esp32: SPI Mode       : DIO[0m
[0;32mI (48) boot.esp32: SPI Flash Size : 2MB[0m
[0;32mI (53) boot: Enabling RNG early entropy source...[0m
[0;32mI (58) boot: Partition Table:[0m
[0;32mI (62) boot: ## Label            Usage          Type ST Offset   Length[0m
[0;32mI (69) boot:  0 nvs              WiFi data        01 02 00009000 00006000[0m
[0;32mI (77) boot:  1 phy_init         RF data          01 01 0000f000 00001000[0m
[0;32mI (84) boot:  2 factory          factory app      00 00 00010000 00177000[0m
[0;32mI (92) boot: End of partition table[0m
[0;32mI (96) esp_image: segment 0: paddr=00010020 vaddr=3f400020 size=35274h (217716) map[0m
[0;32mI (179) esp_image: segment 1: paddr=0004529c vaddr=3ffbdb60 size=0540ch ( 21516) load[0m
[0;32mI (187) esp_image: segment 2: paddr=0004a6b0 vaddr=40080000 size=05968h ( 22888) load[0m
[0;32mI (196) esp_image: segment 3: paddr=00050020 vaddr=400d0020 size=b3fc8h (737224) map[0m
[0;32mI (449) esp_image: segment 4: paddr=00103ff0 vaddr=40085968 size=13668h ( 79464) load[0m
[0;32mI (493) boot: Loaded app from partition at offset 0x10000[0m
[0;32mI (493) boot: Disabling RNG early entropy source...[0m
[0;32mI (505) cpu_start: Multicore app[0m
[0;32mI (514) cpu_start: Pro cpu start user code[0m
[0;32mI (514) cpu_start: cpu freq: 160000000 Hz[0m
[0;32mI (514) cpu_start: Application information:[0m
[0;32mI (517) cpu_start: Project name:     onoff_server[0m
[0;32mI (522) cpu_start: App version:      1[0m
[0;32mI (527) cpu_start: Compile time:     Mar 28 2024 00:34:37[0m
[0;32mI (533) cpu_start: ELF file SHA256:  e2fb30bf0...[0m
[0;32mI (538) cpu_start: ESP-IDF:          v5.2.1[0m
[0;32mI (543) cpu_start: Min chip rev:     v0.0[0m
[0;32mI (548) cpu_start: Max chip rev:     v3.99 [0m
[0;32mI (552) cpu_start: Chip rev:         v3.0[0m
[0;32mI (557) heap_init: Initializing. RAM available for dynamic allocation:[0m
[0;32mI (565) heap_init: At 3FFAFF10 len 000000F0 (0 KiB): DRAM[0m
[0;32mI (570) heap_init: At 3FFB6388 len 00001C78 (7 KiB): DRAM[0m
[0;32mI (576) heap_init: At 3FFB9A20 len 00004108 (16 KiB): DRAM[0m
[0;32mI (583) heap_init: At 3FFCAD08 len 000152F8 (84 KiB): DRAM[0m
[0;32mI (589) heap_init: At 3FFE0440 len 00003AE0 (14 KiB): D/IRAM[0m
[0;32mI (595) heap_init: At 3FFE4350 len 0001BCB0 (111 KiB): D/IRAM[0m
[0;32mI (602) heap_init: At 40098FD0 len 00007030 (28 KiB): IRAM[0m
[0;32mI (609) spi_flash: detected chip: generic[0m
[0;32mI (612) spi_flash: flash io: dio[0m
[0;33mW (616) spi_flash: Detected size(4096k) larger than the size in the binary image header(2048k). Using the size in the binary image header.[0m
[0;32mI (630) coexist: coex firmware version: 77cd7f8[0m
[0;32mI (636) main_task: Started on CPU0[0m
[0;32mI (646) main_task: Calling app_main()[0m
[0;32mI (646) EXAMPLE: Initializing...[0m
[0;32mI (646) gpio: GPIO[25]| InputEn: 0| OutputEn: 0| OpenDrain: 0| Pullup: 1| Pulldown: 0| Intr:0 [0m
[0;32mI (656) gpio: GPIO[26]| InputEn: 0| OutputEn: 0| OpenDrain: 0| Pullup: 1| Pulldown: 0| Intr:0 [0m
[0;32mI (666) gpio: GPIO[27]| InputEn: 0| OutputEn: 0| OpenDrain: 0| Pullup: 1| Pulldown: 0| Intr:0 [0m
[0;32mI (726) BTDM_INIT: BT controller compile version [0f0c5a2][0m
[0;32mI (726) BTDM_INIT: Bluetooth MAC: 30:c6:f7:29:2e:ca[0m
[0;32mI (726) phy_init: phy_version 4791,2c4672b,Dec 20 2023,16:06:06[0m
Bluetooth Mesh v1.1 commit: [154b4fcc98]
[0;32mI (1216) EXAMPLE: ESP_BLE_MESH_PROV_REGISTER_COMP_EVT, err_code 0[0m
[0;32mI (1216) EXAMPLE: BLE Mesh Node initialized[0m
[0;32mI (1216) BOARD: pin: 0x1a[0m
[0;32mI (1226) main_task: Returned from app_main()[0m
[0;32mI (1236) EXAMPLE: ESP_BLE_MESH_NODE_PROV_ENABLE_COMP_EVT, err_code 0[0m
[0;32mI (7856) EXAMPLE: ESP_BLE_MESH_NODE_PROV_LINK_OPEN_EVT, bearer PB-GATT[0m
[0;33mW (8276) BLE_MESH: No Health Server context provided[0m
[0;33mW (18546) BLE_MESH: No Health Server context provided[0m
[0;32mI (18566) EXAMPLE: ESP_BLE_MESH_NODE_PROV_LINK_CLOSE_EVT, bearer PB-GATT[0m
[0;32mI (18566) EXAMPLE: ESP_BLE_MESH_NODE_PROV_COMPLETE_EVT[0m
[0;32mI (18566) EXAMPLE: net_idx: 0x0000, addr: 0x0020[0m
[0;32mI (18576) EXAMPLE: flags: 0x00, iv_index: 0x00000000[0m
[0;32mI (18576) BOARD: pin: 0x1a[0m
[0;33mW (18686) BT_HCI: hcif disc complete: hdl 0x0, rsn 0x13[0m
[0;33mW (39906) BT_HCI: hci cmd send: disconnect: hdl 0x0, rsn:0x13[0m
[0;32mI (39926) EXAMPLE: ESP_BLE_MESH_NODE_PROV_RESET_EVT[0m
[0;33mW (39956) BT_HCI: hcif disc complete: hdl 0x0, rsn 0x16[0m
ets Jul 29 2019 12:21:46

rst:0x1 (POWERON_RESET),boot:0x13 (SPI_FAST_FLASH_BOOT)
configsip: 0, SPIWP:0xee
clk_drv:0x00,q_drv:0x00,d_drv:0x00,cs0_drv:0x00,hd_drv:0x00,wp_drv:0x00
mode:DIO, clock div:2
load:0x3fff0030,len:7172
load:0x40078000,len:15540
load:0x40080400,len:4
ho 8 tail 4 room 4
load:0x40080404,len:3904
entry 0x40080640
[0;32mI (31) boot: ESP-IDF v5.2.1 2nd stage bootloader[0m
[0;32mI (31) boot: compile time Mar 25 2024 22:54:41[0m
[0;32mI (31) boot: Multicore bootloader[0m
[0;32mI (35) boot: chip revision: v3.0[0m
[0;32mI (39) boot.esp32: SPI Speed      : 40MHz[0m
[0;32mI (44) boot.esp32: SPI Mode       : DIO[0m
[0;32mI (48) boot.esp32: SPI Flash Size : 2MB[0m
[0;32mI (53) boot: Enabling RNG early entropy source...[0m
[0;32mI (58) boot: Partition Table:[0m
[0;32mI (62) boot: ## Label            Usage          Type ST Offset   Length[0m
[0;32mI (69) boot:  0 nvs              WiFi data        01 02 00009000 00006000[0m
[0;32mI (77) boot:  1 phy_init         RF data          01 01 0000f000 00001000[0m
[0;32mI (84) boot:  2 factory          factory app      00 00 00010000 00177000[0m
[0;32mI (92) boot: End of partition table[0m
[0;32mI (96) esp_image: segment 0: paddr=00010020 vaddr=3f400020 size=35274h (217716) map[0m
[0;32mI (179) esp_image: segment 1: paddr=0004529c vaddr=3ffbdb60 size=0540ch ( 21516) load[0m
[0;32mI (187) esp_image: segment 2: paddr=0004a6b0 vaddr=40080000 size=05968h ( 22888) load[0m
[0;32mI (196) esp_image: segment 3: paddr=00050020 vaddr=400d0020 size=b3fc8h (737224) map[0m
[0;32mI (449) esp_image: segment 4: paddr=00103ff0 vaddr=40085968 size=13668h ( 79464) load[0m
[0;32mI (493) boot: Loaded app from partition at offset 0x10000[0m
[0;32mI (493) boot: Disabling RNG early entropy source...[0m
[0;32mI (505) cpu_start: Multicore app[0m
[0;32mI (514) cpu_start: Pro cpu start user code[0m
[0;32mI (514) cpu_start: cpu freq: 160000000 Hz[0m
[0;32mI (514) cpu_start: Application information:[0m
[0;32mI (517) cpu_start: Project name:     onoff_server[0m
[0;32mI (522) cpu_start: App version:      1[0m
[0;32mI (527) cpu_start: Compile time:     Mar 28 2024 00:34:37[0m
[0;32mI (533) cpu_start: ELF file SHA256:  e2fb30bf0...[0m
[0;32mI (538) cpu_start: ESP-IDF:          v5.2.1[0m
[0;32mI (543) cpu_start: Min chip rev:     v0.0[0m
[0;32mI (548) cpu_start: Max chip rev:     v3.99 [0m
[0;32mI (552) cpu_start: Chip rev:         v3.0[0m
[0;32mI (557) heap_init: Initializing. RAM available for dynamic allocation:[0m
[0;32mI (565) heap_init: At 3FFAFF10 len 000000F0 (0 KiB): DRAM[0m
[0;32mI (570) heap_init: At 3FFB6388 len 00001C78 (7 KiB): DRAM[0m
[0;32mI (576) heap_init: At 3FFB9A20 len 00004108 (16 KiB): DRAM[0m
[0;32mI (583) heap_init: At 3FFCAD08 len 000152F8 (84 KiB): DRAM[0m
[0;32mI (589) heap_init: At 3FFE0440 len 00003AE0 (14 KiB