(POWERON_RESÚšï¿½j%ï¿½(44) boot.esp32: SPI Mode       : DIO[0m
[0;32mI (48) boot.esp32: SPI Flash Size : 2MB[0m
[0;32mI (53) boot: Enabling RNG early entropy source...[0m
[0;32mI (58) boot: Paï¿½ets Jul 29 2019 12:21:46

rst:0x1 (POWERON_RESET),boot:0x13 (SPI_FAST_FLASH_BOOT)
configsip: 0, SPIWP:0xee
clk_drv:0x00,q_drv:0x00,d_drv:0x00,cs0_drv:0x00,hd_drv:0x00,wp_drv:0x00
mode:DIO, clock div:2
load:0x3fff0030,len:7172
load:0x40078000,len:15540
load:0x40080400,len:4
ho 8 tail 4 room 4
load:0x40080404,len:3904
entry 0x40080640
[0;32mI (31) boot: ESP-IDF v5.2.1 2nd stage bootloader[0m
[0;32mI (31) boot: compile time Mar 25 2024 22:54:41[0m
[0;32mI (31) boot: Multicore bootloader[0m
[0;32mI (35) boot: chip revision: v3.0[0m
[0;32mI (39) boot.esp32: SPI Speed      : 40MHz[0m
[0;32mI (44) boot.esp32: SPI Mode       : DIO[0m
[0;32mI (48) boot.esp32: SPI Flash Size : 2MB[0m
[0;32mI (53) boot: Enabling RNG early entropy source...[0m
[0;32mI (58) boot: Partition Table:[0m
[0;32mI (62) boot: ## Label            Usage          Type ST Offset   Length[0m
[0;32mI (69) boot:  0 nvs              WiFi data        01 02 00009000 00006000[0m
[0;32mI (77) boot:  1 phy_init         RF data          01 01 0000f000 00001000[0m
[0;32mI (84) boot:  2 factory          factory app      00 00 00010000 00177000[0m
[0;32mI (92) boot: End of partition table[0m
[0;32mI (96) esp_image: segment 0: paddr=00010020 vaddr=3f400020 size=3541ch (218140) map[0m
[0;32mI (179) esp_image: segment 1: paddr=00045444 vaddr=3ffbdb60 size=053fch ( 21500) load[0m
[0;32mI (187) esp_image: segment 2: paddr=0004a848 vaddr=40080000 size=057d0h ( 22480) load[0m
[0;32mI (196) esp_image: segment 3: paddr=00050020 vaddr=400d0020 size=b45d8h (738776) map[0m
[0;32mI (450) esp_image: segment 4: paddr=00104600 vaddr=400857d0 size=139a0h ( 80288) load[0m
[0;32mI (494) boot: Loaded app from partition at offset 0x10000[0m
[0;32mI (494) boot: Disabling RNG early entropy source...[0m
[0;32mI (506) cpu_start: Multicore app[0m
[0;32mI (514) cpu_start: Pro cpu start user code[0m
[0;32mI (514) cpu_start: cpu freq: 160000000 Hz[0m
[0;32mI (515) cpu_start: Application information:[0m
[0;32mI (518) cpu_start: Project name:     onoff_server[0m
[0;32mI (523) cpu_start: App version:      1[0m
[0;32mI (527) cpu_start: Compile time:     Apr 14 2024 17:31:28[0m
[0;32mI (533) cpu_start: ELF file SHA256:  1b29f695b...[0m
[0;32mI (539) cpu_start: ESP-IDF:          v5.2.1[0m
[0;32mI (544) cpu_start: Min chip rev:     v0.0[0m
[0;32mI (548) cpu_start: Max chip rev:     v3.99 [0m
[0;32mI (553) cpu_start: Chip rev:         v3.0[0m
[0;32mI (558) heap_init: Initializing. RAM available for dynamic allocation:[0m
[0;32mI (565) heap_init: At 3FFAFF10 len 000000F0 (0 KiB): DRAM[0m
[0;32mI (571) heap_init: At 3FFB6388 len 00001C78 (7 KiB): DRAM[0m
[0;32mI (577) heap_init: At 3FFB9A20 len 00004108 (16 KiB): DRAM[0m
[0;32mI (583) heap_init: At 3FFCACF8 len 00015308 (84 KiB): DRAM[0m
[0;32mI (590) heap_init: At 3FFE0440 len 00003AE0 (14 KiB): D/IRAM[0m
[0;32mI (596) heap_init: At 3FFE4350 len 0001BCB0 (111 KiB): D/IRAM[0m
[0;32mI (602) heap_init: At 40099170 len 00006E90 (27 KiB): IRAM[0m
[0;32mI (610) spi_flash: detected chip: generic[0m
[0;32mI (613) spi_flash: flash io: dio[0m
[0;33mW (617) spi_flash: Detected size(4096k) larger than the size in the binary image header(2048k). Using the size in the binary image header.[0m
[0;32mI (631) coexist: coex firmware version: 77cd7f8[0m
[0;32mI (636) main_task: Started on CPU0[0m
[0;32mI (646) main_task: Calling app_main()[0m
[0;32mI (646) EXAMPLE: Initializing...[0m
use esp timer !!!
[0;31mE (646) esp_timer: Task is already initialized[0m
[0;32mI (646) gpio: GPIO[0]| InputEn: 1| OutputEn: 0| OpenDrain: 0| Pullup: 1| Pulldown: 0| Intr:3 [0m
[0;32mI (706) BTDM_INIT: BT controller compile version [0f0c5a2][0m
[0;32mI (706) BTDM_INIT: Bluetooth MAC: 30:c6:f7:29:2e:ca[0m
[0;32mI (716) phy_init: phy_version 4791,2c4672b,Dec 20 2023,16:06:06[0m
Bluetooth Mesh v1.1 commit: [154b4fcc98]
[0;32mI (1196) EXAMPLE: ESP_BLE_MESH_PROV_REGISTER_COMP_EVT, err_code 0[0m
[0;32mI (1196) EXAMPLE: BLE Mesh Node initialized[0m
[0;32mI (1196) main_task: Returned from app_main()[0m
[0;32mI (1216) EXAMPLE: ESP_BLE_MESH_NODE_PROV_ENABLE_COMP_EVT, err_code 0[0m
[0;32mI (1266) EXAMPLE: ESP_BLE_MESH_NODE_PROV_LINK_OPEN_EVT, bearer PB-ADV[0m
[0;32mI (3406) EXAMPLE: ESP_BLE_MESH_NODE_PROV_COMPLETE_EVT[0m
[0;32mI (3406) EXAMPLE: net_idx: 0x0000, addr: 0x0005[0m
[0;32mI (3416) EXAMPLE: flags: 0x00, iv_index: 0x00000000[0m
[0;32mI (3686) EXAMPLE: ESP_BLE_MESH_NODE_PROV_LINK_CLOSE_EVT, bearer PB-ADV[0m
[0;32mI (5036) EXAMPLE: ESP_BLE_MESH_MODEL_OP_APP_KEY_ADD[0m
[0;32mI (5036) EXAMPLE: net_idx 0x0000, app_idx 0x0000[0m
[0;32mI (5036) AppKey: 12 12 12 12 12 12 12 12 12 12 12 12 12 12 12 12 [0m
[0;32mI (5316) EXAMPLE: ESP_BLE_MESH_MODEL_OP_MODEL_APP_BIND[0m
[0;32mI (5316) EXAMPLE: elem_addr 0x0005, app_idx 0x0000, cid 0xffff, mod_id 0x1000[0m
[0;32mI (9656) EXAMPLE: event 0x00, opcode 0x8202, src 0x0001, dst 0x0005[0m
[0;32mI (9656) EXAMPLE: ESP_BLE_MESH_GENERIC_SERVER_STATE_CHANGE_EVT[0m
[0;32mI (9656) EXAMPLE: onoff 0x01[0m
[0;32mI (50546) EXAMPLE: event 0x00, opcode 0x8203, src 0x0001, dst 0x0005[0m
[0;32mI (50546) EXAMPLE: ESP_BLE_MESH_GENERIC_SERVER_STATE_CHANGE_EVT[0m
[0;32mI (50546) EXAMPLE: onoff 0x00[0m
ets Jul 29 2019 12:21:46

rst:0x1 (POWERON_RESET),boot:0x13 (SPI_FAST_FLASH_BOOT)
configsip: 0, SPIWP:0xee
clk_drv:0x00,q_drv:0x00,d_drv:0x00,cs0_drv:0x00,hd_drv:0x00,wp_drv:0x00
mode:DIO, clock div:2
load:0x3fff0030,len:7172
load:0x40078000,len:15540
load:0x40080400,len:4
ho 8 tail 4 room 4
load:0x40080404,len:3904
entry 0x40080640
[0;32mI (31) boot: ESP-IDF v5.2.1 2nd stage bootloader[0m
[0;32mI (31) boot: compile time Mar 25 2024 22:54:41[0m
[0;32mI (31) boot: Multicore bootloader[0m
[0;32mI (35) boot: chip revision: v3.0[0m
[0;32mI (39) boot.esp32: SPI Speed      : 40MHz[0m
[0;32mI (44) boot.esp32: SPI Mode       : DIO[0m
[0;32mI (48) boot.esp32: SPI Flash Size : 2MB[0m
[0;32mI (53) boot: Enabling RNG early entropy source...[0m
[0;32mI (58) boot: Partition Table:[0m
[0;32mI (62) boot: ## Label            Usage          Type ST Offset   Length[0m
[0;32mI (69) boot:  0 nvs              WiFi data        01 02 00009000 00006000[0m
[0;32mI (77) boot:  1 phy_init         RF data          01 01 0000f000 00001000[0m
[0;32mI (84) boot:  2 factory          factory app      00 00 00010000 00177000[0m
[0;32mI (92) boot: End of partition table[0m
[0;32mI (96) esp_image: segment 0: paddr=00010020 vaddr=3f400020 size=3541ch (218140) map[0m
[0;32mI (179) esp_image: segment 1: paddr=00045444 vaddr=3ffbdb60 size=053fch ( 21500) load[0m
[0;32mI (187) esp_image: segment 2: paddr=0004a848 vaddr=40080000 size=057d0h ( 22480) load[0m
[0;32mI (196) esp_image: segment 3: paddr=00050020 vaddr=400d0020 size=b45d8h (738776) map[0m
[0;32mI (450) esp_image: segment 4: paddr=00104600 vaddr=400857d0 size=139a0h ( 80288) load[0m
[0;32mI (494) boot: Loaded app from partition at offset 0x10000[0m
[0;32mI (494) boot: Disabling RNG early entropy source...[0m
[0;32mI (506) cpu_start: Multicore app[0m
[0;32mI (514) cpu_start: Pro cpu start user code[0m
[0;32mI (514) cpu_start: cpu freq: 160000000 Hz[0m
[0;32mI (515) cpu_start: Application information:[0m
[0;32mI (518) cpu_start: Project name:     onoff_server[0m
[0;32mI (523) cpu_start: App version:      1[0m
[0;32mI (527) cpu_start: Compile time:     Apr 14 2024 17:31:28[0m
[0;32mI (533) cpu_start: ELF file SHA256:  1b29f695b...[0m
[0;32mI (539) cpu_start: ESP-IDF:          v5.2.1[0m
[0;32mI (544) cpu_start: Min chip rev:     v0.0[0m
[0;32mI (548) cpu_start: Max chip rev:     v3.99 [0m
[0;32mI (553) cpu_start: Chip rev:         v3.0[0m
[0;32mI (558) heap_init: Initializing. RAM available for dynamic allocation:[0m
[0;32mI (565) heap_init: At 3FFAFF10 len 000000F0 (0 KiB): DRAM[0m
[0;32mI (571) heap_init: At 3FFB6388 len 00001C78 (7 KiB): DRAM[0m
[0;32mI (577) heap_init: At 3FFB9A20 len 00004108 (16 KiB): DRAM[0m
[0;32mI (583) heap_init: At 3FFCACF8 len 00015308 (84 KiB): DRAM[0m
[0;32mI (590) heap_init: At 3FFE0440 len 00003AE0 (14 KiB): D/IRAM[0m
[0;32mI (596) heap_init: At 3FFE4350 len 0001BCB0 (111 KiB): D/IRAM[0m
[0;32mI (602) heap_init: At 40099170 len 00006E90 (27 KiB): IRAM[0m
[0;32mI (610) spi_flash: detected chip: generic[0m
[0;32mI (613) spi_flash: flash io: dio[0m
[0;33mW (617) spi_flash: Detected size(4096k) larger than the size in the binary image header(2048k). Using the size in the binary image header.[0m
[0;32mI (631) coexist: coex firmware version: 77cd7f8[0m
[0;32mI (636) main_task: Started on CPU0[0m
[0;32mI (646) main_task: Calling app_main()[0m
[0;32mI (646) EXAMPLE: Initializing...[0m
use esp timer !!!
[0;31mE (646) esp_timer: Task is already initialized[0m
[0;32mI (646) gpio: GPIO[0]| InputEn: 1| OutputEn: 0| OpenDrain: 0| Pullup: 1| Pulldown: 0| Intr:3 [0m
[0;32mI (706) BTDM_INIT: BT controller compile version [0f0c5a2][0m
[0;32mI (706) BTDM_INIT: Bluetooth MAC: 30:c6:f7:29:2e:ca[0m
[0;32mI (716) phy_init: phy_version 4791,2c4672b,Dec 20 2023,16:06:06[0m
Bluetooth Mesh v1.1 commit: [154b4fcc98]
[0;32mI (1196) EXAMPLE: ESP_BLE_MESH_PROV_REGISTER_COMP_EVT, err_code 0[0m
[0;32mI (1196) EXAMPLE: BLE Mesh Node initialized[0m
[0;32mI (1196) main_task: Returned from app_main()[0m
[0;32mI (1206) EXAMPLE: ESP_BLE_MESH_NODE_PROV_ENABLE_COMP_EVT, err_code 0[0m
[0;32mI (35596) EXAMPLE: ESP_BLE_MESH_NODE_PROV_LINK_OPEN_EVT, bearer PB-GATT[0m
[0;33mW (35956) BLE_MESH: No Health Server context provided[0m
[0;33mW (39706) BLE_MESH: No Health Server context provided[0m
[0;32mI (39736) EXAMPLE: ESP_BLE_MESH_NODE_PROV_LINK_CLOSE_EVT, bearer PB-GATT[0m
[0;32mI (39736) EXAMPLE: ESP_BLE_MESH_NODE_PROV_COMPLETE_EVT[0m
[0;32mI (39746) EXAMPLE: net_idx: 0x0000, addr: 0x0033[0m
[0;32mI (39746) EXAMPLE: flags: 0x00, iv_index: 0x00000000[0m
[0;33mW (39796) BT_HCI: hcif disc complete: hdl 0x0, rsn 0x13[0m
[0;33mW (42106) BT_HCI: hcif disc complete: hdl 0x0, rsn 0x13[0m
[0;32mI (62666) EXAMPLE: ESP_BLE_MESH_MODEL_OP_MODEL_SUB_ADD[0m
[0;32mI (62666) EXAMPLE: elem_addr 0x0033, sub_addr 0xc000, cid 0xffff, mod_id 0x1000[0m
