t:0x13 (SPI_FAST_FLASH_Bï¿½"%=m[0m
[0;32mI (48) boot.esp32ets Jun  8 2016 00:22:57

rst:0x1 (POWERON_RESET),boot:0x13 (SPI_FAST_FLASH_BOOT)
configsip: 0, SPIWP:0xee
clk_drv:0x00,q_drv:0x00,d_drv:0x00,cs0_drv:0x00,hd_drv:0x00,wp_drv:0x00
mode:DIO, clock div:2
load:0x3fff0030,len:7172
load:0x40078000,len:15540
load:0x40080400,len:4
ho 8 tail 4 room 4
load:0x40080404,len:3904
entry 0x40080640
[0;32mI (30) boot: ESP-IDF v5.2.1 2nd stage bootloader[0m
[0;32mI (30) boot: compile time Mar 25 2024 22:54:41[0m
[0;32mI (31) boot: Multicore bootloader[0m
[0;32mI (35) boot: chip revision: v1.0[0m
[0;32mI (38) boot.esp32: SPI Speed      : 40MHz[0m
[0;32mI (43) boot.esp32: SPI Mode       : DIO[0m
[0;32mI (48) boot.esp32: SPI Flash Size : 2MB[0m
[0;32mI (52) boot: Enabling RNG early entropy source...[0m
[0;32mI (58) boot: Partition Table:[0m
[0;32mI (61) boot: ## Label            Usage          Type ST Offset   Length[0m
[0;32mI (68) boot:  0 nvs              WiFi data        01 02 00009000 00006000[0m
[0;32mI (76) boot:  1 phy_init         RF data          01 01 0000f000 00001000[0m
[0;32mI (83) boot:  2 factory          factory app      00 00 00010000 00177000[0m
[0;32mI (91) boot: End of partition table[0m
[0;32mI (95) esp_image: segment 0: paddr=00010020 vaddr=3f400020 size=36074h (221300) map[0m
[0;32mI (179) esp_image: segment 1: paddr=0004609c vaddr=3ffbdb60 size=05318h ( 21272) load[0m
[0;32mI (187) esp_image: segment 2: paddr=0004b3bc vaddr=40080000 size=04c5ch ( 19548) load[0m
[0;32mI (195) esp_image: segment 3: paddr=00050020 vaddr=400d0020 size=b689ch (747676) map[0m
[0;32mI (452) esp_image: segment 4: paddr=001068c4 vaddr=40084c5c size=14374h ( 82804) load[0m
[0;32mI (497) boot: Loaded app from partition at offset 0x10000[0m
[0;32mI (497) boot: Disabling RNG early entropy source...[0m
[0;32mI (509) cpu_start: Multicore app[0m
[0;32mI (518) cpu_start: Pro cpu start user code[0m
[0;32mI (518) cpu_start: cpu freq: 160000000 Hz[0m
[0;32mI (518) cpu_start: Application information:[0m
[0;32mI (521) cpu_start: Project name:     onoff_server[0m
[0;32mI (526) cpu_start: App version:      1[0m
[0;32mI (531) cpu_start: Compile time:     Mar 25 2024 23:06:25[0m
[0;32mI (537) cpu_start: ELF file SHA256:  fb891033a...[0m
[0;32mI (542) cpu_start: ESP-IDF:          v5.2.1[0m
[0;32mI (547) cpu_start: Min chip rev:     v0.0[0m
[0;32mI (552) cpu_start: Max chip rev:     v3.99 [0m
[0;32mI (556) cpu_start: Chip rev:         v1.0[0m
[0;32mI (561) heap_init: Initializing. RAM available for dynamic allocation:[0m
[0;32mI (569) heap_init: At 3FFAFF10 len 000000F0 (0 KiB): DRAM[0m
[0;32mI (574) heap_init: At 3FFB6388 len 00001C78 (7 KiB): DRAM[0m
[0;32mI (580) heap_init: At 3FFB9A20 len 00004108 (16 KiB): DRAM[0m
[0;32mI (587) heap_init: At 3FFCABD8 len 00015428 (85 KiB): DRAM[0m
[0;32mI (593) heap_init: At 3FFE0440 len 00003AE0 (14 KiB): D/IRAM[0m
[0;32mI (599) heap_init: At 3FFE4350 len 0001BCB0 (111 KiB): D/IRAM[0m
[0;32mI (606) heap_init: At 40098FD0 len 00007030 (28 KiB): IRAM[0m
[0;32mI (613) spi_flash: detected chip: gd[0m
[0;32mI (616) spi_flash: flash io: dio[0m
[0;33mW (620) spi_flash: Detected size(4096k) larger than the size in the binary image header(2048k). Using the size in the binary image header.[0m
[0;32mI (634) coexist: coex firmware version: 77cd7f8[0m
[0;32mI (639) main_task: Started on CPU0[0m
[0;32mI (649) main_task: Calling app_main()[0m
[0;32mI (649) EXAMPLE: Initializing...[0m
[0;32mI (649) gpio: GPIO[25]| InputEn: 0| OutputEn: 0| OpenDrain: 0| Pullup: 1| Pulldown: 0| Intr:0 [0m
[0;32mI (659) gpio: GPIO[26]| InputEn: 0| OutputEn: 0| OpenDrain: 0| Pullup: 1| Pulldown: 0| Intr:0 [0m
[0;32mI (669) gpio: GPIO[27]| InputEn: 0| OutputEn: 0| OpenDrain: 0| Pullup: 1| Pulldown: 0| Intr:0 [0m
[0;32mI (719) BTDM_INIT: BT controller compile version [0f0c5a2][0m
[0;32mI (729) BTDM_INIT: Bluetooth MAC: 30:ae:a4:1d:0a:86[0m
[0;32mI (729) phy_init: phy_version 4791,2c4672b,Dec 20 2023,16:06:06[0m
[0;33mW (729) phy_init: failed to load RF calibration data (0xffffffff), falling back to full calibration[0m
Bluetooth Mesh v1.1 commit: [154b4fcc98]
[0;32mI (1269) EXAMPLE: ESP_BLE_MESH_PROV_REGISTER_COMP_EVT, err_code 0[0m
[0;32mI (1269) EXAMPLE: BLE Mesh Node initialized[0m
[0;32mI (1279) main_task: Returned from app_main()[0m
[0;32mI (1289) EXAMPLE: ESP_BLE_MESH_NODE_PROV_ENABLE_COMP_EVT, err_code 0[0m
[0;32mI (417019) EXAMPLE: ESP_BLE_MESH_NODE_PROV_LINK_OPEN_EVT, bearer PB-GATT[0m
[0;33mW (422419) BT_HCI: hcif disc complete: hdl 0x0, rsn 0x13[0m
[0;32mI (422429) EXAMPLE: ESP_BLE_MESH_NODE_PROV_LINK_CLOSE_EVT, bearer PB-GATT[0m
[0;32mI (426839) EXAMPLE: ESP_BLE_MESH_NODE_PROV_LINK_OPEN_EVT, bearer PB-GATT[0m
[0;33mW (444289) BLE_MESH: No Health Server context provided[0m
[0;33mW (468499) BLE_MESH: No Health Server context provided[0m
[0;32mI (468519) EXAMPLE: ESP_BLE_MESH_NODE_PROV_LINK_CLOSE_EVT, bearer PB-GATT[0m
[0;32mI (468539) EXAMPLE: ESP_BLE_MESH_NODE_PROV_COMPLETE_EVT[0m
[0;32mI (468539) EXAMPLE: net_idx: 0x0000, addr: 0x0002[0m
[0;32mI (468549) EXAMPLE: flags: 0x00, iv_index: 0x00000000[0m
[0;33mW (469629) BT_HCI: hcif disc complete: hdl 0x0, rsn 0x13[0m
[0;33mW (479389) BLE_MESH: Ran out of retransmit attempts[0m
[0;33mW (778319) BT_HCI: hcif disc complete: hdl 0x0, rsn 0x13[0m
[0;33mW (1550999) BT_HCI: hcif disc complete: hdl 0x0, rsn 0x13[0m
