ï¿½esp32: SPI Mode       : DIO[0m
[0;32mI (47) boot.esp32: ets Jun  8 2016 00:22:57

rst:0x1 (POWERON_RESET),boot:0x13 (SPI_FAST_FLASH_BOOT)
configsip: 0, SPIWP:0xee
clk_drv:0x00,q_drv:0x00,d_drv:0x00,cs0_drv:0x00,hd_drv:0x00,wp_drv:0x00
mode:DIO, clock div:2
load:0x3fff0030,len:7172
load:0x40078000,len:15540
load:0x40080400,len:4
ho 8 tail 4 room 4
load:0x40080404,len:3904
entry 0x40080640
[0;32mI (30) boot: ESP-IDF v5.2.1 2nd stage bootloader[0m
[0;32mI (30) boot: compile time Mar 25 2024 22:54:41[0m
[0;32mI (30) boot: Multicore bootloader[0m
[0;32mI (34) boot: chip revision: v1.0[0m
[0;32mI (38) boot.esp32: SPI Speed      : 40MHz[0m
[0;32mI (43) boot.esp32: SPI Mode       : DIO[0m
[0;32mI (47) boot.esp32: SPI Flash Size : 2MB[0m
[0;32mI (52) boot: Enabling RNG early entropy source...[0m
[0;32mI (57) boot: Partition Table:[0m
[0;32mI (61) boot: ## Label            Usage          Type ST Offset   Length[0m
[0;32mI (68) boot:  0 nvs              WiFi data        01 02 00009000 00006000[0m
[0;32mI (76) boot:  1 phy_init         RF data          01 01 0000f000 00001000[0m
[0;32mI (83) boot:  2 factory          factory app      00 00 00010000 00177000[0m
[0;32mI (91) boot: End of partition table[0m
[0;32mI (95) esp_image: segment 0: paddr=00010020 vaddr=3f400020 size=35194h (217492) map[0m
[0;32mI (178) esp_image: segment 1: paddr=000451bc vaddr=3ffbdb60 size=052fch ( 21244) load[0m
[0;32mI (186) esp_image: segment 2: paddr=0004a4c0 vaddr=40080000 size=05b58h ( 23384) load[0m
[0;32mI (195) esp_image: segment 3: paddr=00050020 vaddr=400d0020 size=b3f48h (737096) map[0m
[0;32mI (448) esp_image: segment 4: paddr=00103f70 vaddr=40085b58 size=13478h ( 78968) load[0m
[0;32mI (492) boot: Loaded app from partition at offset 0x10000[0m
[0;32mI (492) boot: Disabling RNG early entropy source...[0m
[0;32mI (504) cpu_start: Multicore app[0m
[0;32mI (513) cpu_start: Pro cpu start user code[0m
[0;32mI (513) cpu_start: cpu freq: 160000000 Hz[0m
[0;32mI (513) cpu_start: Application information:[0m
[0;32mI (516) cpu_start: Project name:     onoff_server[0m
[0;32mI (521) cpu_start: App version:      1[0m
[0;32mI (525) cpu_start: Compile time:     Mar 25 2024 23:57:04[0m
[0;32mI (532) cpu_start: ELF file SHA256:  9e3894340...[0m
[0;32mI (537) cpu_start: ESP-IDF:          v5.2.1[0m
[0;32mI (542) cpu_start: Min chip rev:     v0.0[0m
[0;32mI (546) cpu_start: Max chip rev:     v3.99 [0m
[0;32mI (551) cpu_start: Chip rev:         v1.0[0m
[0;32mI (556) heap_init: Initializing. RAM available for dynamic allocation:[0m
[0;32mI (563) heap_init: At 3FFAFF10 len 000000F0 (0 KiB): DRAM[0m
[0;32mI (569) heap_init: At 3FFB6388 len 00001C78 (7 KiB): DRAM[0m
[0;32mI (575) heap_init: At 3FFB9A20 len 00004108 (16 KiB): DRAM[0m
[0;32mI (582) heap_init: At 3FFCABA0 len 00015460 (85 KiB): DRAM[0m
[0;32mI (588) heap_init: At 3FFE0440 len 00003AE0 (14 KiB): D/IRAM[0m
[0;32mI (594) heap_init: At 3FFE4350 len 0001BCB0 (111 KiB): D/IRAM[0m
[0;32mI (601) heap_init: At 40098FD0 len 00007030 (28 KiB): IRAM[0m
[0;32mI (608) spi_flash: detected chip: gd[0m
[0;32mI (611) spi_flash: flash io: dio[0m
[0;33mW (615) spi_flash: Detected size(4096k) larger than the size in the binary image header(2048k). Using the size in the binary image header.[0m
[0;32mI (629) coexist: coex firmware version: 77cd7f8[0m
[0;32mI (634) main_task: Started on CPU0[0m
[0;32mI (644) main_task: Calling app_main()[0m
[0;32mI (644) EXAMPLE: Initializing...[0m
[0;32mI (644) gpio: GPIO[25]| InputEn: 0| OutputEn: 0| OpenDrain: 0| Pullup: 1| Pulldown: 0| Intr:0 [0m
[0;32mI (654) gpio: GPIO[26]| InputEn: 0| OutputEn: 0| OpenDrain: 0| Pullup: 1| Pulldown: 0| Intr:0 [0m
[0;32mI (664) gpio: GPIO[27]| InputEn: 0| OutputEn: 0| OpenDrain: 0| Pullup: 1| Pulldown: 0| Intr:0 [0m
[0;32mI (724) BTDM_INIT: BT controller compile version [0f0c5a2][0m
[0;32mI (734) BTDM_INIT: Bluetooth MAC: 30:ae:a4:1d:0a:86[0m
[0;32mI (734) phy_init: phy_version 4791,2c4672b,Dec 20 2023,16:06:06[0m
Bluetooth Mesh v1.1 commit: [154b4fcc98]
[0;32mI (1204) EXAMPLE: ESP_BLE_MESH_PROV_REGISTER_COMP_EVT, err_code 0[0m
[0;32mI (1204) EXAMPLE: BLE Mesh Node initialized[0m
[0;32mI (1204) main_task: Returned from app_main()[0m
[0;32mI (1214) EXAMPLE: ESP_BLE_MESH_NODE_PROV_ENABLE_COMP_EVT, err_code 0[0m
[0;32mI (46664) EXAMPLE: ESP_BLE_MESH_NODE_PROV_LINK_OPEN_EVT, bearer PB-GATT[0m
[0;33mW (47024) BLE_MESH: No Health Server context provided[0m
[0;33mW (50274) BLE_MESH: No Health Server context provided[0m
[0;32mI (50294) EXAMPLE: ESP_BLE_MESH_NODE_PROV_LINK_CLOSE_EVT, bearer PB-GATT[0m
[0;32mI (50294) EXAMPLE: ESP_BLE_MESH_NODE_PROV_COMPLETE_EVT[0m
[0;32mI (50294) EXAMPLE: net_idx: 0x0000, addr: 0x0004[0m
[0;32mI (50304) EXAMPLE: flags: 0x00, iv_index: 0x00000000[0m
[0;33mW (50354) BT_HCI: hcif disc complete: hdl 0x0, rsn 0x13[0m
[0;32mI (523674) EXAMPLE: ESP_BLE_MESH_MODEL_OP_APP_KEY_ADD[0m
[0;32mI (523684) EXAMPLE: net_idx 0x0000, app_idx 0x0000[0m
[0;32mI (523684) AppKey: 03 fc 27 32 96 97 0a b8 1a 31 5c a3 bc 8b be 38 [0m
[0;32mI (540114) EXAMPLE: ESP_BLE_MESH_MODEL_OP_MODEL_APP_BIND[0m
[0;32mI (540114) EXAMPLE: elem_addr 0x0004, app_idx 0x0000, cid 0xffff, mod_id 0x1000[0m
I (43) boot.esp32: SPI Mode       : DIO[0m
[0;32mI (47) boot.esp32: SPI Flash Size : 2MB[0m
[0;32mI (52) boot: Enabling RNG early entropy source...[0m
[0;32mI (57) boot: Partition Table:[0m
[0;32mI (61) boot: ## Label            Usage          Type ST Offset   Length[0m
[0;32mI (68) boot:  0 nvs              WiFi data        01 02 00009000 00006000[0m
[0;32mI (76) boot:  1 phy_init         RF data          01 01 0000f000 00001000[0m
[0;32mI (83) boot:  2 factory          factory app      00 00 00010000 00177000[0m
[0;32mI (91) boot: End of partition table[0m
[0;32mI (95) esp_image: segment 0: paddr=00010020 vaddr=3f400020 size=35194h (217492) map[0m
[0;32mI (178) esp_image: segment 1: paddr=000451bc vaddr=3ffbdb60 size=052fch ( 21244) load[0m
[0;32mI (186) esp_image: segment 2: paddr=0004a4c0 vaddr=40080000 size=05b58h ( 23384) load[0m
[0;32mI (195) esp_image: segment 3: paddr=00050020 vaddr=400d0020 size=b3f48h (737096) map[0m
[0;32mI (448) esp_image: segment 4: paddr=00103f70 vaddr=40085b58 size=13478h ( 78968) load[0m
[0;32mI (492) boot: Loaded app from partition at offset 0x10000[0m
[0;32mI (492) boot: Disabling RNG early entropy source...[0m
[0;32mI (504) cpu_start: Multicore app[0m
[0;32mI (512) cpu_start: Pro cpu start user code[0m
[0;32mI (512) cpu_start: cpu freq: 160000000 Hz[0m
[0;32mI (513) cpu_start: Application information:[0m
[0;32mI (516) cpu_start: Project name:     onoff_server[0m
[0;32mI (521) cpu_start: App version:      1[0m
[0;32mI (525) cpu_start: Compile time:     Mar 25 2024 23:57:04[0m
[0;32mI (531) cpu_start: ELF file SHA256:  9e3894340...[0m
[0;32mI (537) cpu_start: ESP-IDF:          v5.2.1[0m
[0;32mI (542) cpu_start: Min chip rev:     v0.0[0m
[0;32mI (546) cpu_start: Max chip rev:     v3.99 [0m
[0;32mI (551) cpu_start: Chip rev:         v1.0[0m
[0;32mI (556) heap_init: Initializing. RAM available for dynamic allocation:[0m
[0;32mI (563) heap_init: At 3FFAFF10 len 000000F0 (0 KiB): DRAM[0m
[0;32mI (569) heap_init: At 3FFB6388 len 00001C78 (7 KiB): DRAM[0m
[0;32mI (575) heap_init: At 3FFB9A20 len 00004108 (16 KiB): DRAM[0m
[0;32mI (581) heap_init: At 3FFCABA0 len 00015460 (85 KiB): DRAM[0m
[0;32mI (588) heap_init: At 3FFE0440 len 00003AE0 (14 KiB): D/IRAM[0m
[0;32mI (594) heap_init: At 3FFE4350 len 0001BCB0 (111 KiB): D/IRAM[0m
[0;32mI (600) heap_init: At 40098FD0 len 00007030 (28 KiB): IRAM[0m
[0;32mI (608) spi_flash: detected chip: gd[0m
[0;32mI (611) spi_flash: flash io: dio[0m
[0;33mW (615) spi_flash: Detected size(4096k) larger than the size in the binary image header(2048k). Using the size in the binary image header.[0m
[0;32mI (629) coexist: coex firmware version: 77cd7f8[0m
[0;32mI (634) main_task: Started on CPU0[0m
[0;32mI (644) main_task: Calling app_main()[0m
[0;32mI (644) EXAMPLE: Initializing...[0m
[0;32mI (644) gpio: GPIO[25]| InputEn: 0| OutputEn: 0| OpenDrain: 0| Pullup: 1| Pulldown: 0| Intr:0 [0m
[0;32mI (654) gpio: GPIO[26]| InputEn: 0| OutputEn: 0| OpenDrain: 0| Pullup: 1| Pulldown: 0| Intr:0 [0m
[0;32mI (664) gpio: GPIO[27]| InputEn: 0| OutputEn: 0| OpenDrain: 0| Pullup: 1| Pulldown: 0| Intr:0 [0m
[0;32mI (724) BTDM_INIT: BT controller compile version [0f0c5a2][0m
[0;32mI (734) BTDM_INIT: Bluetooth MAC: 30:ae:a4:1d:0a:86[0m
[0;32mI (734) phy_init: phy_version 4791,2c4672b,Dec 20 2023,16:06:06[0m
ï¿½ï¿½ï¿½2: SPI Mode       : DIO[0m
[0;32mI (47) boot.esp32: SPI Flash Size : 2MB[0m
[0;32mI (52) boot: Enabling RNG early entropy source...[0m
[0;32mI (57) boot: Partition Table:[0m
[0;32mI (61) boot: ## Label            Usage          Type ST Offset   Length[0m
[0;32mI (68) boot:  0 nvs              WiFi data        01 02 00009000 00006000[0m
[0;32mI (76) boot:  1 phy_init         RF data          01 01 0000f000 00001000[0m
[0;32mI (83) boot:  2 factory          factory app      00 00 00010000 00177000[0m
[0;32mI (91) boot: End of partition table[0m
[0;32mI (95) esp_image: segment 0: paddr=00010020 vaddr=3f400020 size=35194h (217492) map[0m
[0;32mI (178) esp_image: segment 1: paddr=000451bc vaddr=3ffbdb60 size=052fch ( 21244) load[0m
[0;32mI (186) esp_image: segment 2: paddr=0004a4c0 vaddr=40080000 size=05b58h ( 23384) load[0m
[0;32mI (195) esp_image: segment 3: paddr=00050020 vaddr=400d0020 size=b3f48h (737096) map[0m
[0;32mI (448) esp_image: segment 4: paddr=00103f70 vaddr=40085b58 size=13478h ( 78968) load[0m
[0;32mI (492) boot: Loaded app from partition at offset 0x10000[0m
[0;32mI (492) boot: Disabling RNG early entropy source...[0m
[0;32mI (504) cpu_start: Multicore app[0m
[0;32mI (512) cpu_start: Pro cpu start user code[0m
[0;32mI (512) cpu_start: cpu freq: 160000000 Hz[0m
[0;32mI (513) cpu_start: Application information:[0m
[0;32mI (516) cpu_start: Project name:     onoff_server[0m
[0;32mI (521) cpu_start: App version:      1[0m
[0;32mI (525) cpu_start: Compile time:     Mar 25 2024 23:57:04[0m
[0;32mI (531) cpu_start: ELF file SHA256:  9e3894340...[0m
[0;32mI (537) cpu_start: ESP-IDF:          v5.2.1[0m
[0;32mI (542) cpu_start: Min chip rev:     v0.0[0m
[0;32mI (546) cpu_start: Max chip rev:     v3.99 [0m
[0;32mI (551) cpu_start: Chip rev:         v1.0[0m
[0;32mI (556) heap_init: Initializing. RAM available for dynamic allocation:[0m
[0;32mI (563) heap_init: At 3FFAFF10 len 000000F0 (0 KiB): DRAM[0m
[0;32mI (569) heap_init: At 3FFB6388 len 00001C78 (7 KiB): DRAM[0m
[0;32mI (575) heap_init: At 3FFB9A20 len 00004108 (16 KiB): DRAM[0m
[0;32mI (581) heap_init: At 3FFCABA0 len 00015460 (85 KiB): DRAM[0m
[0;32mI (588) heap_init: At 3FFE0440 len 00003AE0 (14 KiB): D/IRAM[0m
[0;32mI (594) heap_init: At 3FFE4350 len 0001BCB0 (111 KiB): D/IRAM[0m
[0;32mI (600) heap_init: At 40098FD0 len 00007030 (28 KiB): IRAM[0m
[0;32mI (608) spi_flash: detected chip: gd[0m
[0;32mI (611) spi_flash: flash io: dio[0m
[0;33mW (615) spi_flash: Detected size(4096k) larger than the size in the binary image header(2048k). Using the size in the binary image header.[0m
[0;32mI (629) coexist: coex firmware version: 77cd7f8[0m
[0;32mI (634) main_task: Started on CPU0[0m
[0;32mI (644) main_task: Calling app_main()[0m
[0;32mI (644) EXAMPLE: Initializing...[0m
[0;32mI (644) gpio: GPIO[25]| InputEn: 0| OutputEn: 0| OpenDrain: 0| Pullup: 1| Pulldown: 0| Intr:0 [0m
[0;32mI (654) gpio: GPIO[26]| InputEn: 0| OutputEn: 0| OpenDrain: 0| Pullup: 1| Pulldown: 0| Intr:0 [0m
[0;32mI (664) gpio: GPIO[27]| InputEn: 0| OutputEn: 0| OpenDrain: 0| Pullup: 1| Pulldown: 0| Intr:0 [0m
[0;32mI (724) BTDM_INIT: BT controller compile version [0f0c5a2][0m
[0;32mI (734) BTDM_INIT: Bluetooth MAC: 30:ae:a4:1d:0a:86[0m
[0;32mI (734) phy_init: phy_version 4791,2c4672b,Dec 20 2023,16:06:06[0m
Bluetooth Mesh v1.1 commit: [154b4fcc98]
[0;32mI (1214) EXAMPLE: ESP_BLE_MESH_PROV_REGISTER_COMP_EVT, err_code 0[0m
[0;32mI (1224) EXAMPLE: BLE Mesh Node initialized[0m
[0;32mI (1224) main_task: Returned from app_main()[0m
[0;32mI (1234) EXAMPLE: ESP_BLE_MESH_NODE_PROV_ENABLE_COMP_EVT, err_code 0[0m
